// Jest Snapshot v1, https://goo.gl/fbAQLP

exports[`Teste de Snapshoot Criação de snapshoot 1`] = `
<View>
  <Text>
     Digite um número
  </Text>
  <TextInput
    placeholder="Digite aqui"
  />
  <View
    accessibilityRole="button"
    accessible={true}
    collapsable={false}
    focusable={false}
    onClick={[Function]}
    onResponderGrant={[Function]}
    onResponderMove={[Function]}
    onResponderRelease={[Function]}
    onResponderTerminate={[Function]}
    onResponderTerminationRequest={[Function]}
    onStartShouldSetResponder={[Function]}
    style={
      Object {
        "opacity": 1,
      }
    }
  >
    <View
      style={
        Array [
          Object {},
        ]
      }
    >
      <Text
        style={
          Array [
            Object {
              "color": "#007AFF",
              "fontSize": 18,
              "margin": 8,
              "textAlign": "center",
            },
          ]
        }
      >
        Calcular
      </Text>
    </View>
  </View>
</View>
`;
